../App/Src/rc522.c:25:9:RC522_SPI_Transfer	32	static
../App/Src/rc522.c:39:6:Write_MFRC522	16	static
../App/Src/rc522.c:63:7:Read_MFRC522	24	static
../App/Src/rc522.c:92:6:SetBitMask	24	static
../App/Src/rc522.c:105:6:ClearBitMask	24	static
../App/Src/rc522.c:118:6:AntennaOn	8	static
../App/Src/rc522.c:131:6:AntennaOff	8	static
../App/Src/rc522.c:142:6:MFRC522_Reset	8	static
../App/Src/rc522.c:153:6:MFRC522_Init	8	static
../App/Src/rc522.c:181:7:MFRC522_ToCard	48	static
../App/Src/rc522.c:304:7:MFRC522_Request	32	static
../App/Src/rc522.c:328:7:MFRC522_Anticoll	32	static
../App/Src/rc522.c:363:6:CalulateCRC	40	static
../App/Src/rc522.c:397:7:MFRC522_SelectTag	48	static
../App/Src/rc522.c:439:7:MFRC522_Auth	56	static
../App/Src/rc522.c:473:7:MFRC522_Read	32	static
../App/Src/rc522.c:497:7:MFRC522_Write	56	static
../App/Src/rc522.c:538:6:MFRC522_Halt	24	static
../App/Src/rc522.c:550:9:CheckRFID	16	static
