../App/Src/rgb.c:9:6:LED_ON	16	static
../App/Src/rgb.c:13:6:LED_OFF	16	static
../App/Src/rgb.c:17:6:LED_TOGGLE	16	static
../App/Src/rgb.c:21:6:LED_R_ON	8	static
../App/Src/rgb.c:26:6:LED_G_ON	8	static
../App/Src/rgb.c:31:6:LED_B_ON	8	static
../App/Src/rgb.c:36:6:LED_R_OFF	8	static
../App/Src/rgb.c:41:6:LED_G_OFF	8	static
../App/Src/rgb.c:46:6:LED_B_OFF	8	static
../App/Src/rgb.c:51:6:LED_R_Toggle	8	static
../App/Src/rgb.c:56:6:LED_G_Toggle	8	static
../App/Src/rgb.c:61:6:LED_B_Toggle	8	static
../App/Src/rgb.c:66:6:LEDsOn	8	static
../App/Src/rgb.c:73:6:LEDsOff	8	static
